apiVersion: apiextensions.k8s.io/v1beta1
kind: CustomResourceDefinition
metadata:
  creationTimestamp: null
  labels:
    controller-tools.k8s.io: "1.0"
  name: invocations.openwhisk.seed.ibm.com
spec:
  group: openwhisk.seed.ibm.com
  names:
    kind: Invocation
    plural: invocations
    shortNames:
    - owi
  scope: Namespaced
  validation:
    openAPIV3Schema:
      properties:
        apiVersion:
          type: string
        kind:
          type: string
        metadata:
          type: object
        spec:
          properties:
            context:
              properties:
                org:
                  type: string
                region:
                  type: string
                resourcegroup:
                  type: string
                resourcelocation:
                  type: string
                space:
                  type: string
              required:
              - org
              - space
              - region
              - resourcegroup
              - resourcelocation
              type: object
            contextFrom:
              type: object
            finalizer:
              properties:
                function:
                  type: string
                parameters:
                  items:
                    properties:
                      attributes:
                        type: object
                      name:
                        type: string
                      valueFrom:
                        properties:
                          configMapKeyRef:
                            type: object
                          secretKeyRef:
                            type: object
                        type: object
                    required:
                    - name
                    type: object
                  type: array
              required:
              - function
              type: object
            function:
              type: string
            parameters:
              items:
                properties:
                  attributes:
                    type: object
                  name:
                    type: string
                  valueFrom:
                    properties:
                      configMapKeyRef:
                        type: object
                      secretKeyRef:
                        type: object
                    type: object
                required:
                - name
                type: object
              type: array
            to:
              properties:
                configMapKeyRef:
                  type: object
                projection:
                  type: string
                secretKeyRef:
                  type: object
              type: object
          required:
          - function
          type: object
        status:
          properties:
            generation:
              format: int64
              type: integer
            message:
              type: string
            state:
              type: string
          required:
          - generation
          type: object
  version: v1beta1
status:
  acceptedNames:
    kind: ""
    plural: ""
  conditions: []
  storedVersions: []
