apiVersion: apiextensions.k8s.io/v1beta1
kind: CustomResourceDefinition
metadata:
  creationTimestamp: null
  labels:
    controller-tools.k8s.io: "1.0"
  name: packages.openwhisk.seed.ibm.com
spec:
  group: openwhisk.seed.ibm.com
  names:
    kind: Package
    plural: packages
    shortNames:
    - owp
  scope: Namespaced
  subresources:
    status: {}
  validation:
    openAPIV3Schema:
      properties:
        apiVersion:
          type: string
        kind:
          type: string
        metadata:
          type: object
        spec:
          properties:
            annotations:
              items:
                properties:
                  attributes:
                    type: object
                  name:
                    type: string
                  valueFrom:
                    properties:
                      configMapKeyRef:
                        type: object
                      secretKeyRef:
                        type: object
                    type: object
                required:
                - name
                type: object
              type: array
            bind:
              type: string
            contextFrom:
              type: object
            name:
              type: string
            parameters:
              items:
                properties:
                  attributes:
                    type: object
                  name:
                    type: string
                  valueFrom:
                    properties:
                      configMapKeyRef:
                        type: object
                      secretKeyRef:
                        type: object
                    type: object
                required:
                - name
                type: object
              type: array
            parametersFrom:
              items:
                properties:
                  configMapKeyRef:
                    properties:
                      name:
                        type: string
                    type: object
                  secretKeyRef:
                    properties:
                      name:
                        type: string
                    type: object
                type: object
              type: array
            publish:
              type: boolean
            service:
              type: string
          type: object
        status:
          properties:
            generation:
              format: int64
              type: integer
            message:
              type: string
            state:
              type: string
          required:
          - generation
          type: object
  version: v1beta1
status:
  acceptedNames:
    kind: ""
    plural: ""
  conditions: []
  storedVersions: []
